// Jest Snapshot v1, https://goo.gl/fbAQLP

exports[`TreeSelect.multiple can hide search box by showSearch = false 1`] = `
<span
  aria-haspopup="listbox"
  class="rc-tree-select rc-tree-select-enabled"
  role="combobox"
  tabindex="-1"
>
  <span
    class="rc-tree-select-selection rc-tree-select-selection--multiple"
  >
    <ul
      class="rc-tree-select-selection__rendered"
      role="menubar"
    />
  </span>
</span>
`;

exports[`TreeSelect.multiple maxTagCount illegal 1`] = `
<span
  class="rc-tree-select-selection rc-tree-select-selection--multiple"
>
  <ul
    class="rc-tree-select-selection__rendered"
    role="menubar"
  >
    <li
      class="rc-tree-select-selection__choice"
      role="menuitem"
      style="user-select:none;-webkit-user-select:none"
      unselectable="unselectable"
    >
      <span
        class="rc-tree-select-selection__choice__remove"
      />
      <span
        class="rc-tree-select-selection__choice__content"
      >
        not exist
      </span>
    </li>
    <li
      class="rc-tree-select-selection__choice"
      role="menuitem"
      style="user-select:none;-webkit-user-select:none"
      title="+ 1 ..."
      unselectable="unselectable"
    >
      <span
        class="rc-tree-select-selection__choice__content"
      >
        + 1 ...
      </span>
    </li>
    <li
      class="rc-tree-select-search rc-tree-select-search--inline"
    >
      <span
        class="rc-tree-select-search__field__wrap"
      >
        <input
          aria-autocomplete="list"
          aria-label="filter select"
          aria-multiline="false"
          class="rc-tree-select-search__field"
          type="text"
          value=""
        />
        <span
          class="rc-tree-select-search__field__mirror"
        >
           
        </span>
      </span>
    </li>
  </ul>
</span>
`;

exports[`TreeSelect.multiple maxTagCount legal 1`] = `
<span
  class="rc-tree-select-selection rc-tree-select-selection--multiple"
>
  <ul
    class="rc-tree-select-selection__rendered"
    role="menubar"
  >
    <li
      class="rc-tree-select-selection__choice"
      role="menuitem"
      style="user-select:none;-webkit-user-select:none"
      title="label0"
      unselectable="unselectable"
    >
      <span
        class="rc-tree-select-selection__choice__remove"
      />
      <span
        class="rc-tree-select-selection__choice__content"
      >
        label0
      </span>
    </li>
    <li
      class="rc-tree-select-selection__choice"
      role="menuitem"
      style="user-select:none;-webkit-user-select:none"
      title="+ 1 ..."
      unselectable="unselectable"
    >
      <span
        class="rc-tree-select-selection__choice__content"
      >
        + 1 ...
      </span>
    </li>
    <li
      class="rc-tree-select-search rc-tree-select-search--inline"
    >
      <span
        class="rc-tree-select-search__field__wrap"
      >
        <input
          aria-autocomplete="list"
          aria-label="filter select"
          aria-multiline="false"
          class="rc-tree-select-search__field"
          type="text"
          value=""
        />
        <span
          class="rc-tree-select-search__field__mirror"
        >
           
        </span>
      </span>
    </li>
  </ul>
</span>
`;

exports[`TreeSelect.multiple maxTagCount maxTagPlaceholder function 1`] = `
<span
  class="rc-tree-select-selection rc-tree-select-selection--multiple"
>
  <ul
    class="rc-tree-select-selection__rendered"
    role="menubar"
  >
    <li
      class="rc-tree-select-selection__choice"
      role="menuitem"
      style="user-select:none;-webkit-user-select:none"
      title="label0"
      unselectable="unselectable"
    >
      <span
        class="rc-tree-select-selection__choice__remove"
      />
      <span
        class="rc-tree-select-selection__choice__content"
      >
        label0
      </span>
    </li>
    <li
      class="rc-tree-select-selection__choice"
      role="menuitem"
      style="user-select:none;-webkit-user-select:none"
      title="1 bamboo..."
      unselectable="unselectable"
    >
      <span
        class="rc-tree-select-selection__choice__content"
      >
        1 bamboo...
      </span>
    </li>
    <li
      class="rc-tree-select-search rc-tree-select-search--inline"
    >
      <span
        class="rc-tree-select-search__field__wrap"
      >
        <input
          aria-autocomplete="list"
          aria-label="filter select"
          aria-multiline="false"
          class="rc-tree-select-search__field"
          type="text"
          value=""
        />
        <span
          class="rc-tree-select-search__field__mirror"
        >
           
        </span>
      </span>
    </li>
  </ul>
</span>
`;

exports[`TreeSelect.multiple maxTagCount maxTagPlaceholder string 1`] = `
<span
  class="rc-tree-select-selection rc-tree-select-selection--multiple"
>
  <ul
    class="rc-tree-select-selection__rendered"
    role="menubar"
  >
    <li
      class="rc-tree-select-selection__choice"
      role="menuitem"
      style="user-select:none;-webkit-user-select:none"
      title="label0"
      unselectable="unselectable"
    >
      <span
        class="rc-tree-select-selection__choice__remove"
      />
      <span
        class="rc-tree-select-selection__choice__content"
      >
        label0
      </span>
    </li>
    <li
      class="rc-tree-select-selection__choice"
      role="menuitem"
      style="user-select:none;-webkit-user-select:none"
      title="bamboo"
      unselectable="unselectable"
    >
      <span
        class="rc-tree-select-selection__choice__content"
      >
        bamboo
      </span>
    </li>
    <li
      class="rc-tree-select-search rc-tree-select-search--inline"
    >
      <span
        class="rc-tree-select-search__field__wrap"
      >
        <input
          aria-autocomplete="list"
          aria-label="filter select"
          aria-multiline="false"
          class="rc-tree-select-search__field"
          type="text"
          value=""
        />
        <span
          class="rc-tree-select-search__field__mirror"
        >
           
        </span>
      </span>
    </li>
  </ul>
</span>
`;

exports[`TreeSelect.multiple maxTagCount zero 1`] = `
<span
  class="rc-tree-select-selection rc-tree-select-selection--multiple"
>
  <ul
    class="rc-tree-select-selection__rendered"
    role="menubar"
  >
    <li
      class="rc-tree-select-selection__choice"
      role="menuitem"
      style="user-select:none;-webkit-user-select:none"
      title="+ 2 ..."
      unselectable="unselectable"
    >
      <span
        class="rc-tree-select-selection__choice__content"
      >
        + 2 ...
      </span>
    </li>
    <li
      class="rc-tree-select-search rc-tree-select-search--inline"
    >
      <span
        class="rc-tree-select-search__field__wrap"
      >
        <input
          aria-autocomplete="list"
          aria-label="filter select"
          aria-multiline="false"
          class="rc-tree-select-search__field"
          type="text"
          value=""
        />
        <span
          class="rc-tree-select-search__field__mirror"
        >
           
        </span>
      </span>
    </li>
  </ul>
</span>
`;

exports[`TreeSelect.multiple renders clear button 1`] = `null`;
